// Jest Snapshot v1, https://goo.gl/fbAQLP

exports[`#get useRbacForRequest is true throws Boom.forbidden if the user isn't authorized at space 1`] = `"Unauthorized to get foo-space space"`;

exports[`#getAll useRbacForRequest is true throws Boom.forbidden when user isn't authorized for any spaces 1`] = `"Forbidden"`;

exports[`#update useRbacForRequest is true throws Boom.forbidden when user isn't authorized at space 1`] = `"Unauthorized to update spaces"`;
