// Jest Snapshot v1, https://goo.gl/fbAQLP

exports[`threatMatchRowRenderer #renderRow renders correctly against snapshot 1`] = `
<span>
  <RowRendererContainer
    data-test-subj="threat-match-row-renderer"
  >
    <ThreatMatchRowContainer
      fields={
        Object {
          "matched": Object {
            "atomic": Array [
              "matched.atomic",
            ],
            "field": Array [
              "matched.atomic",
            ],
            "type": Array [
              "matched.domain",
            ],
          },
        }
      }
      key="0"
    />
  </RowRendererContainer>
</span>
`;
