// Jest Snapshot v1, https://goo.gl/fbAQLP

exports[`it renders without crashing 1`] = `
<EuiFlexGroup
  alignItems="stretch"
  component="div"
  direction="row"
  gutterSize="l"
  justifyContent="flexStart"
  responsive={true}
  wrap={false}
>
  <EuiFlexItem
    component="div"
    grow={true}
    key="0"
  >
    <EuiCheckboxGroup
      disabled={false}
      idToSelectedMap={Object {}}
      onChange={[Function]}
      options={
        Array [
          Object {
            "id": "all",
            "label": "all",
          },
          Object {
            "id": "monitor",
            "label": "monitor",
          },
          Object {
            "id": "manage",
            "label": "manage",
          },
          Object {
            "id": "manage_security",
            "label": "manage_security",
          },
          Object {
            "id": "manage_index_templates",
            "label": "manage_index_templates",
          },
          Object {
            "id": "manage_pipeline",
            "label": "manage_pipeline",
          },
        ]
      }
    />
  </EuiFlexItem>
  <EuiFlexItem
    component="div"
    grow={true}
    key="1"
  >
    <EuiCheckboxGroup
      disabled={false}
      idToSelectedMap={Object {}}
      onChange={[Function]}
      options={
        Array [
          Object {
            "id": "manage_ingest_pipelines",
            "label": "manage_ingest_pipelines",
          },
          Object {
            "id": "transport_client",
            "label": "transport_client",
          },
          Object {
            "id": "manage_ml",
            "label": "manage_ml",
          },
          Object {
            "id": "monitor_ml",
            "label": "monitor_ml",
          },
          Object {
            "id": "manage_watcher",
            "label": "manage_watcher",
          },
          Object {
            "id": "monitor_watcher",
            "label": "monitor_watcher",
          },
        ]
      }
    />
  </EuiFlexItem>
</EuiFlexGroup>
`;
