// Jest Snapshot v1, https://goo.gl/fbAQLP

exports[`when response has data Initially should have 3 legends  1`] = `
Array [
  Object {
    "color": "#6092c0",
    "disabled": undefined,
    "onClick": [Function],
    "text": <ForwardRef(styled.span)>
      Avg.
      <ForwardRef(styled.span)>
        468 ms
      </ForwardRef(styled.span)>
    </ForwardRef(styled.span)>,
  },
  Object {
    "color": "#d6bf57",
    "disabled": undefined,
    "onClick": [Function],
    "text": <ForwardRef(styled.span)>
      95th percentile
    </ForwardRef(styled.span)>,
  },
  Object {
    "color": "#da8b45",
    "disabled": undefined,
    "onClick": [Function],
    "text": <ForwardRef(styled.span)>
      99th percentile
    </ForwardRef(styled.span)>,
  },
]
`;

exports[`when response has data Initially should have correct markup 1`] = `undefined`;

exports[`when response has data Initially should have correct state 1`] = `
Object {
  "isDrawing": false,
  "selectionEnd": null,
  "selectionStart": null,
  "seriesEnabledState": Array [],
  "showAnnotations": true,
}
`;

exports[`when response has data when dragging without releasing should display SelectionMarker 1`] = `
<rect
  fill="black"
  fillOpacity="0.1"
  height={208}
  pointerEvents="none"
  width={240}
  x={320}
  y={16}
/>
`;

exports[`when response has data when setting hoverX should display tooltip 1`] = `
Array [
  Object {
    "color": "#6092c0",
    "text": "Avg.",
    "value": 438704.4,
  },
  Object {
    "color": "#d6bf57",
    "text": "95th",
    "value": 1557383.999999999,
  },
  Object {
    "color": "#da8b45",
    "text": "99th",
    "value": 1820377.1200000006,
  },
]
`;

exports[`when response has data when setting hoverX should match snapshots 1`] = `undefined`;

exports[`when response has data when setting hoverX should match snapshots 2`] = `
Object {
  "isDrawing": false,
  "selectionEnd": null,
  "selectionStart": null,
  "seriesEnabledState": Array [],
  "showAnnotations": true,
}
`;

exports[`when response has no data Initially should have correct markup 1`] = `
Array [
  <div
    style={
      Object {
        "height": 256,
        "position": "relative",
      }
    }
  >
    <div
      style={
        Object {
          "left": 0,
          "pointerEvents": "none",
          "position": "absolute",
          "top": 0,
        }
      }
    >
      <div
        className="rv-xy-plot "
        style={
          Object {
            "height": "256px",
            "width": "800px",
          }
        }
      >
        <svg
          className="rv-xy-plot__inner"
          height={256}
          onClick={[Function]}
          onDoubleClick={[Function]}
          onMouseDown={[Function]}
          onMouseEnter={[Function]}
          onMouseLeave={[Function]}
          onMouseMove={[Function]}
          onWheel={[Function]}
          width={800}
        >
          <g
            className="rv-xy-plot__axis rv-xy-plot__axis--horizontal "
            style={Object {}}
            transform="translate(80,224)"
          >
            <line
              className="rv-xy-plot__axis__line"
              style={Object {}}
              x1={0}
              x2={720}
              y1={0}
              y2={0}
            />
            <g
              className="rv-xy-plot__axis__ticks"
              transform="translate(0, 0)"
            >
              <g
                className="rv-xy-plot__axis__tick"
                style={Object {}}
                transform="translate(0, 0)"
              >
                <line
                  className="rv-xy-plot__axis__tick__line"
                  style={Object {}}
                  x1={0}
                  x2={0}
                  y1={-0}
                  y2={0}
                />
                <text
                  className="rv-xy-plot__axis__tick__text"
                  dy="0.72em"
                  style={Object {}}
                  textAnchor="middle"
                  transform="translate(0, 8)"
                >
                  1451606400000
                </text>
              </g>
              <g
                className="rv-xy-plot__axis__tick"
                style={Object {}}
                transform="translate(60, 0)"
              >
                <line
                  className="rv-xy-plot__axis__tick__line"
                  style={Object {}}
                  x1={0}
                  x2={0}
                  y1={-0}
                  y2={0}
                />
                <text
                  className="rv-xy-plot__axis__tick__text"
                  dy="0.72em"
                  style={Object {}}
                  textAnchor="middle"
                  transform="translate(0, 8)"
                >
                  1451606700000
                </text>
              </g>
              <g
                className="rv-xy-plot__axis__tick"
                style={Object {}}
                transform="translate(120, 0)"
              >
                <line
                  className="rv-xy-plot__axis__tick__line"
                  style={Object {}}
                  x1={0}
                  x2={0}
                  y1={-0}
                  y2={0}
                />
                <text
                  className="rv-xy-plot__axis__tick__text"
                  dy="0.72em"
                  style={Object {}}
                  textAnchor="middle"
                  transform="translate(0, 8)"
                >
                  1451607000000
                </text>
              </g>
              <g
                className="rv-xy-plot__axis__tick"
                style={Object {}}
                transform="translate(180, 0)"
              >
                <line
                  className="rv-xy-plot__axis__tick__line"
                  style={Object {}}
                  x1={0}
                  x2={0}
                  y1={-0}
                  y2={0}
                />
                <text
                  className="rv-xy-plot__axis__tick__text"
                  dy="0.72em"
                  style={Object {}}
                  textAnchor="middle"
                  transform="translate(0, 8)"
                >
                  1451607300000
                </text>
              </g>
              <g
                className="rv-xy-plot__axis__tick"
                style={Object {}}
                transform="translate(240, 0)"
              >
                <line
                  className="rv-xy-plot__axis__tick__line"
                  style={Object {}}
                  x1={0}
                  x2={0}
                  y1={-0}
                  y2={0}
                />
                <text
                  className="rv-xy-plot__axis__tick__text"
                  dy="0.72em"
                  style={Object {}}
                  textAnchor="middle"
                  transform="translate(0, 8)"
                >
                  1451607600000
                </text>
              </g>
              <g
                className="rv-xy-plot__axis__tick"
                style={Object {}}
                transform="translate(300, 0)"
              >
                <line
                  className="rv-xy-plot__axis__tick__line"
                  style={Object {}}
                  x1={0}
                  x2={0}
                  y1={-0}
                  y2={0}
                />
                <text
                  className="rv-xy-plot__axis__tick__text"
                  dy="0.72em"
                  style={Object {}}
                  textAnchor="middle"
                  transform="translate(0, 8)"
                >
                  1451607900000
                </text>
              </g>
              <g
                className="rv-xy-plot__axis__tick"
                style={Object {}}
                transform="translate(360, 0)"
              >
                <line
                  className="rv-xy-plot__axis__tick__line"
                  style={Object {}}
                  x1={0}
                  x2={0}
                  y1={-0}
                  y2={0}
                />
                <text
                  className="rv-xy-plot__axis__tick__text"
                  dy="0.72em"
                  style={Object {}}
                  textAnchor="middle"
                  transform="translate(0, 8)"
                >
                  1451608200000
                </text>
              </g>
              <g
                className="rv-xy-plot__axis__tick"
                style={Object {}}
                transform="translate(420, 0)"
              >
                <line
                  className="rv-xy-plot__axis__tick__line"
                  style={Object {}}
                  x1={0}
                  x2={0}
                  y1={-0}
                  y2={0}
                />
                <text
                  className="rv-xy-plot__axis__tick__text"
                  dy="0.72em"
                  style={Object {}}
                  textAnchor="middle"
                  transform="translate(0, 8)"
                >
                  1451608500000
                </text>
              </g>
              <g
                className="rv-xy-plot__axis__tick"
                style={Object {}}
                transform="translate(480, 0)"
              >
                <line
                  className="rv-xy-plot__axis__tick__line"
                  style={Object {}}
                  x1={0}
                  x2={0}
                  y1={-0}
                  y2={0}
                />
                <text
                  className="rv-xy-plot__axis__tick__text"
                  dy="0.72em"
                  style={Object {}}
                  textAnchor="middle"
                  transform="translate(0, 8)"
                >
                  1451608800000
                </text>
              </g>
              <g
                className="rv-xy-plot__axis__tick"
                style={Object {}}
                transform="translate(540, 0)"
              >
                <line
                  className="rv-xy-plot__axis__tick__line"
                  style={Object {}}
                  x1={0}
                  x2={0}
                  y1={-0}
                  y2={0}
                />
                <text
                  className="rv-xy-plot__axis__tick__text"
                  dy="0.72em"
                  style={Object {}}
                  textAnchor="middle"
                  transform="translate(0, 8)"
                >
                  1451609100000
                </text>
              </g>
              <g
                className="rv-xy-plot__axis__tick"
                style={Object {}}
                transform="translate(600, 0)"
              >
                <line
                  className="rv-xy-plot__axis__tick__line"
                  style={Object {}}
                  x1={0}
                  x2={0}
                  y1={-0}
                  y2={0}
                />
                <text
                  className="rv-xy-plot__axis__tick__text"
                  dy="0.72em"
                  style={Object {}}
                  textAnchor="middle"
                  transform="translate(0, 8)"
                >
                  1451609400000
                </text>
              </g>
              <g
                className="rv-xy-plot__axis__tick"
                style={Object {}}
                transform="translate(660, 0)"
              >
                <line
                  className="rv-xy-plot__axis__tick__line"
                  style={Object {}}
                  x1={0}
                  x2={0}
                  y1={-0}
                  y2={0}
                />
                <text
                  className="rv-xy-plot__axis__tick__text"
                  dy="0.72em"
                  style={Object {}}
                  textAnchor="middle"
                  transform="translate(0, 8)"
                >
                  1451609700000
                </text>
              </g>
              <g
                className="rv-xy-plot__axis__tick"
                style={Object {}}
                transform="translate(720, 0)"
              >
                <line
                  className="rv-xy-plot__axis__tick__line"
                  style={Object {}}
                  x1={0}
                  x2={0}
                  y1={-0}
                  y2={0}
                />
                <text
                  className="rv-xy-plot__axis__tick__text"
                  dy="0.72em"
                  style={Object {}}
                  textAnchor="middle"
                  transform="translate(0, 8)"
                >
                  1451610000000
                </text>
              </g>
            </g>
          </g>
        </svg>
        <div
          style={
            Object {
              "left": "50%",
              "position": "absolute",
              "top": "50%",
              "transform": "translate(calc(-50% + 30px),calc(-50% + -16px - 15px))",
            }
          }
        >
          No data within this time range.
        </div>
      </div>
    </div>
    <div
      style={
        Object {
          "left": 0,
          "pointerEvents": "none",
          "position": "absolute",
          "top": 0,
        }
      }
    >
      <div
        className="rv-xy-plot "
        style={
          Object {
            "height": "256px",
            "width": "800px",
          }
        }
      >
        <svg
          className="rv-xy-plot__inner"
          height={256}
          onClick={[Function]}
          onDoubleClick={[Function]}
          onMouseDown={[Function]}
          onMouseEnter={[Function]}
          onMouseLeave={[Function]}
          onMouseMove={[Function]}
          onWheel={[Function]}
          width={800}
        />
      </div>
    </div>
  </div>,
  "",
]
`;

exports[`when response has no data Initially should have correct state 1`] = `
Object {
  "isDrawing": false,
  "selectionEnd": null,
  "selectionStart": null,
  "seriesEnabledState": Array [],
  "showAnnotations": true,
}
`;
