// Jest Snapshot v1, https://goo.gl/fbAQLP

exports[`Header should render normally 1`] = `
<EuiPageHeader
  bottomBorder={true}
  description={
    <Memo(MemoizedFormattedMessage)
      defaultMessage="Manage and share your saved objects. To edit the underlying data of an object, go to its associated application."
      id="savedObjectsManagement.objectsTable.howToDeleteSavedObjectsDescription"
    />
  }
  pageTitle={
    <Memo(MemoizedFormattedMessage)
      defaultMessage="Saved Objects"
      id="savedObjectsManagement.objectsTable.header.savedObjectsTitle"
    />
  }
  rightSideItems={
    Array [
      <EuiButtonEmpty
        data-test-subj="exportAllObjects"
        iconType="exportAction"
        onClick={[Function]}
        size="s"
      >
        <Memo(MemoizedFormattedMessage)
          defaultMessage="Export {filteredCount, plural, one{# object} other {# objects}}"
          id="savedObjectsManagement.objectsTable.header.exportButtonLabel"
          values={
            Object {
              "filteredCount": 2,
            }
          }
        />
      </EuiButtonEmpty>,
      <EuiButtonEmpty
        data-test-subj="importObjects"
        iconType="importAction"
        onClick={[Function]}
        size="s"
      >
        <Memo(MemoizedFormattedMessage)
          defaultMessage="Import"
          id="savedObjectsManagement.objectsTable.header.importButtonLabel"
        />
      </EuiButtonEmpty>,
      <EuiButtonEmpty
        iconType="refresh"
        onClick={[Function]}
        size="s"
      >
        <Memo(MemoizedFormattedMessage)
          defaultMessage="Refresh"
          id="savedObjectsManagement.objectsTable.header.refreshButtonLabel"
        />
      </EuiButtonEmpty>,
    ]
  }
/>
`;
