// Jest Snapshot v1, https://goo.gl/fbAQLP

exports[`Data Frame: Group By <PopoverForm /> Minimal initialization 1`] = `
<EuiForm
  style={
    Object {
      "width": "300px",
    }
  }
>
  <EuiFormRow
    describedByIds={Array []}
    error={false}
    fullWidth={false}
    hasEmptyLabelSpace={false}
    isInvalid={false}
    label="Group by name"
    labelType="label"
  >
    <EuiFieldText
      compressed={false}
      defaultValue="the-agg-name"
      fullWidth={false}
      isInvalid={false}
      isLoading={false}
      onChange={[Function]}
    />
  </EuiFormRow>
  <EuiFormRow
    describedByIds={Array []}
    error={false}
    fullWidth={false}
    hasEmptyLabelSpace={false}
    isInvalid={false}
    label="Interval"
    labelType="label"
  >
    <EuiFieldText
      compressed={false}
      defaultValue="10m"
      fullWidth={false}
      isInvalid={false}
      isLoading={false}
      onChange={[Function]}
    />
  </EuiFormRow>
  <EuiFormRow
    describedByIds={Array []}
    fullWidth={false}
    hasEmptyLabelSpace={true}
    labelType="label"
  >
    <EuiButton
      color="primary"
      fill={false}
      iconSide="left"
      isDisabled={false}
      onClick={[Function]}
      size="m"
      type="button"
    >
      Apply
    </EuiButton>
  </EuiFormRow>
</EuiForm>
`;
