// Jest Snapshot v1, https://goo.gl/fbAQLP

exports[`RuleDetailsPageComponent renders correctly against the snapshot 1`] = `
<Fragment>
  <WithSource
    indexToAdd={Array []}
    sourceId="default"
  >
    <Component />
  </WithSource>
  <withRouter(undefined)
    state={
      Object {
        "ruleName": undefined,
      }
    }
  />
</Fragment>
`;
