// Jest Snapshot v1, https://goo.gl/fbAQLP

exports[`#start() returns \`Context\` component 1`] = `
<MockI18nProvider>
  <MockEuiContext
    i18n={
      Object {
        "mapping": Object {
          "euiAccordion.isLoading": "Loading",
          "euiAutoRefresh.autoRefreshLabel": "Auto refresh",
          "euiAutoRefresh.buttonLabelOff": "Auto refresh is off",
          "euiAutoRefresh.buttonLabelOn": [Function],
          "euiBasicTable.noItemsMessage": "No items found",
          "euiBasicTable.selectAllRows": "Select all rows",
          "euiBasicTable.selectThisRow": "Select this row",
          "euiBasicTable.tableAutoCaptionWithPagination": [Function],
          "euiBasicTable.tableAutoCaptionWithoutPagination": [Function],
          "euiBasicTable.tableCaptionWithPagination": [Function],
          "euiBasicTable.tablePagination": [Function],
          "euiBasicTable.tableSimpleAutoCaptionWithPagination": [Function],
          "euiBottomBar.customScreenReaderAnnouncement": [Function],
          "euiBottomBar.screenReaderAnnouncement": "There is a new region landmark with page level controls at the end of the document.",
          "euiBottomBar.screenReaderHeading": "Page level controls",
          "euiBreadcrumbs.collapsedBadge.ariaLabel": "See collapsed breadcrumbs",
          "euiBreadcrumbs.nav.ariaLabel": "Breadcrumbs",
          "euiCardSelect.select": "Select",
          "euiCardSelect.selected": "Selected",
          "euiCardSelect.unavailable": "Unavailable",
          "euiCodeBlock.copyButton": "Copy",
          "euiCodeBlock.fullscreenCollapse": "Collapse",
          "euiCodeBlock.fullscreenExpand": "Expand",
          "euiCollapsedItemActions.allActions": "All actions",
          "euiColorPicker.alphaLabel": "Alpha channel (opacity) value",
          "euiColorPicker.closeLabel": "Press the down key to open a popover containing color options",
          "euiColorPicker.colorErrorMessage": "Invalid color value",
          "euiColorPicker.colorLabel": "Color value",
          "euiColorPicker.openLabel": "Press the escape key to close the popover",
          "euiColorPicker.popoverLabel": "Color selection dialog",
          "euiColorPicker.transparent": "Transparent",
          "euiColorPickerSwatch.ariaLabel": [Function],
          "euiColorStopThumb.buttonAriaLabel": "Press the Enter key to modify this stop. Press Escape to focus the group",
          "euiColorStopThumb.buttonTitle": "Click to edit, drag to reposition",
          "euiColorStopThumb.removeLabel": "Remove this stop",
          "euiColorStopThumb.screenReaderAnnouncement": "A popup with a color stop edit form opened. Tab forward to cycle through form controls or press escape to close this popup.",
          "euiColorStopThumb.stopErrorMessage": "Value is out of range",
          "euiColorStopThumb.stopLabel": "Stop value",
          "euiColorStops.screenReaderAnnouncement": [Function],
          "euiColumnActions.hideColumn": "Hide column",
          "euiColumnActions.moveLeft": "Move left",
          "euiColumnActions.moveRight": "Move right",
          "euiColumnActions.sort": [Function],
          "euiColumnSelector.button": "Columns",
          "euiColumnSelector.buttonActivePlural": [Function],
          "euiColumnSelector.buttonActiveSingular": [Function],
          "euiColumnSelector.hideAll": "Hide all",
          "euiColumnSelector.search": "Search",
          "euiColumnSelector.searchcolumns": "Search columns",
          "euiColumnSelector.selectAll": "Show all",
          "euiColumnSorting.button": "Sort fields",
          "euiColumnSorting.buttonActive": [Function],
          "euiColumnSorting.clearAll": "Clear sorting",
          "euiColumnSorting.emptySorting": "Currently no fields are sorted",
          "euiColumnSorting.pickFields": "Pick fields to sort by",
          "euiColumnSorting.sortFieldAriaLabel": "Sort by:",
          "euiColumnSortingDraggable.activeSortLabel": [Function],
          "euiColumnSortingDraggable.defaultSortAsc": "A-Z",
          "euiColumnSortingDraggable.defaultSortDesc": "Z-A",
          "euiColumnSortingDraggable.removeSortLabel": [Function],
          "euiColumnSortingDraggable.toggleLegend": [Function],
          "euiComboBox.listboxAriaLabel": "Choose from the following options",
          "euiComboBoxOptionsList.allOptionsSelected": "You've selected all available options",
          "euiComboBoxOptionsList.alreadyAdded": [Function],
          "euiComboBoxOptionsList.createCustomOption": [Function],
          "euiComboBoxOptionsList.delimiterMessage": [Function],
          "euiComboBoxOptionsList.loadingOptions": "Loading options",
          "euiComboBoxOptionsList.noAvailableOptions": "There aren't any options available",
          "euiComboBoxOptionsList.noMatchingOptions": [Function],
          "euiComboBoxPill.removeSelection": [Function],
          "euiCommonlyUsedTimeRanges.legend": "Commonly used",
          "euiControlBar.customScreenReaderAnnouncement": [Function],
          "euiControlBar.screenReaderAnnouncement": "There is a new region landmark with page level controls at the end of the document.",
          "euiControlBar.screenReaderHeading": "Page level controls",
          "euiDataGrid.ariaLabel": [Function],
          "euiDataGrid.ariaLabelledBy": [Function],
          "euiDataGrid.screenReaderNotice": "Cell contains interactive content.",
          "euiDataGridCell.position": [Function],
          "euiDataGridCellActions.expandButtonTitle": "Click or hit enter to interact with cell content",
          "euiDataGridHeaderCell.headerActions": "Header actions",
          "euiDataGridPagination.detailedPaginationLabel": [Function],
          "euiDataGridPagination.paginationLabel": "Pagination for preceding grid",
          "euiDataGridSchema.booleanSortTextAsc": "False-True",
          "euiDataGridSchema.booleanSortTextDesc": "True-False",
          "euiDataGridSchema.currencySortTextAsc": "Low-High",
          "euiDataGridSchema.currencySortTextDesc": "High-Low",
          "euiDataGridSchema.dateSortTextAsc": "Old-New",
          "euiDataGridSchema.dateSortTextDesc": "New-Old",
          "euiDataGridSchema.jsonSortTextAsc": "Small-Large",
          "euiDataGridSchema.jsonSortTextDesc": "Large-Small",
          "euiDataGridSchema.numberSortTextAsc": "Low-High",
          "euiDataGridSchema.numberSortTextDesc": "High-Low",
          "euiDatePopoverButton.invalidTitle": [Function],
          "euiDatePopoverButton.outdatedTitle": [Function],
          "euiDisplaySelector.buttonText": "Display options",
          "euiDisplaySelector.densityLabel": "Density",
          "euiDisplaySelector.labelAuto": "Auto fit",
          "euiDisplaySelector.labelCompact": "Compact",
          "euiDisplaySelector.labelCustom": "Custom",
          "euiDisplaySelector.labelExpanded": "Expanded",
          "euiDisplaySelector.labelNormal": "Normal",
          "euiDisplaySelector.labelSingle": "Single",
          "euiDisplaySelector.lineCountLabel": "Lines per row",
          "euiDisplaySelector.resetButtonText": "Reset to default",
          "euiDisplaySelector.rowHeightLabel": "Row height",
          "euiErrorBoundary.error": "Error",
          "euiFieldPassword.maskPassword": "Mask password",
          "euiFieldPassword.showPassword": "Show password as plain text. Note: this will visually expose your password on the screen.",
          "euiFilePicker.clearSelectedFiles": "Clear selected files",
          "euiFilePicker.filesSelected": [Function],
          "euiFilePicker.promptText": "Select or drag and drop a file",
          "euiFilePicker.removeSelected": "Remove",
          "euiFilterButton.filterBadgeActiveAriaLabel": [Function],
          "euiFilterButton.filterBadgeAvailableAriaLabel": [Function],
          "euiFlyout.closeAriaLabel": "Close this dialog",
          "euiForm.addressFormErrors": "Please address the highlighted errors.",
          "euiFormControlLayoutClearButton.label": "Clear input",
          "euiFullscreenSelector.fullscreenButton": "Enter fullscreen",
          "euiFullscreenSelector.fullscreenButtonActive": "Exit fullscreen",
          "euiHeaderLinks.appNavigation": "App menu",
          "euiHeaderLinks.openNavigationMenu": "Open menu",
          "euiHue.label": "Select the HSV color mode \\"hue\\" value",
          "euiImage.closeImage": [Function],
          "euiImage.openImage": [Function],
          "euiLink.external.ariaLabel": "External link",
          "euiLink.newTarget.screenReaderOnlyText": "(opens in a new tab or window)",
          "euiMarkdownEditorFooter.closeButton": "Close",
          "euiMarkdownEditorFooter.errorsTitle": "Errors",
          "euiMarkdownEditorFooter.mdSyntaxLink": "GitHub flavored markdown",
          "euiMarkdownEditorFooter.openUploadModal": "Open upload files modal",
          "euiMarkdownEditorFooter.showMarkdownHelp": "Show markdown help",
          "euiMarkdownEditorFooter.showSyntaxErrors": "Show errors",
          "euiMarkdownEditorFooter.supportedFileTypes": [Function],
          "euiMarkdownEditorFooter.syntaxModalDescriptionPrefix": "This editor uses",
          "euiMarkdownEditorFooter.syntaxModalDescriptionSuffix": "You can also utilize these additional syntax plugins to add rich content to your text.",
          "euiMarkdownEditorFooter.syntaxPopoverDescription": "This editor uses",
          "euiMarkdownEditorFooter.syntaxTitle": "Syntax help",
          "euiMarkdownEditorFooter.unsupportedFileType": "File type not supported",
          "euiMarkdownEditorFooter.uploadingFiles": "Click to upload files",
          "euiMarkdownEditorToolbar.editor": "Editor",
          "euiMarkdownEditorToolbar.previewMarkdown": "Preview",
          "euiModal.closeModal": "Closes this modal window",
          "euiNotificationEventMessages.accordionAriaLabelButtonText": [Function],
          "euiNotificationEventMessages.accordionButtonText": [Function],
          "euiNotificationEventMessages.accordionHideText": "hide",
          "euiNotificationEventMeta.contextMenuButton": [Function],
          "euiNotificationEventReadButton.markAsRead": "Mark as read",
          "euiNotificationEventReadButton.markAsReadAria": [Function],
          "euiNotificationEventReadButton.markAsUnread": "Mark as unread",
          "euiNotificationEventReadButton.markAsUnreadAria": [Function],
          "euiNotificationEventReadIcon.read": "Read",
          "euiNotificationEventReadIcon.readAria": [Function],
          "euiNotificationEventReadIcon.unread": "Unread",
          "euiNotificationEventReadIcon.unreadAria": [Function],
          "euiPagination.collection": "collection",
          "euiPagination.firstRangeAriaLabel": [Function],
          "euiPagination.fromEndLabel": "from end",
          "euiPagination.last": "Last",
          "euiPagination.lastRangeAriaLabel": [Function],
          "euiPagination.of": "of",
          "euiPagination.page": "Page",
          "euiPagination.pageOfTotalCompressed": [Function],
          "euiPaginationButton.longPageString": [Function],
          "euiPaginationButton.shortPageString": [Function],
          "euiPaginationButtonArrow.firstPage": "First page",
          "euiPaginationButtonArrow.lastPage": "Last page",
          "euiPaginationButtonArrow.nextPage": "Next page",
          "euiPaginationButtonArrow.previousPage": "Previous page",
          "euiPinnableListGroup.pinExtraActionLabel": "Pin item",
          "euiPinnableListGroup.pinnedExtraActionLabel": "Unpin item",
          "euiPopover.screenReaderAnnouncement": "You are in a dialog. To close this dialog, hit escape.",
          "euiProgress.valueText": [Function],
          "euiQuickSelect.applyButton": "Apply",
          "euiQuickSelect.fullDescription": [Function],
          "euiQuickSelect.legendText": "Quick select a time range",
          "euiQuickSelect.nextLabel": "Next time window",
          "euiQuickSelect.previousLabel": "Previous time window",
          "euiQuickSelect.quickSelectTitle": "Quick select",
          "euiQuickSelect.tenseLabel": "Time tense",
          "euiQuickSelect.unitLabel": "Time unit",
          "euiQuickSelect.valueLabel": "Time value",
          "euiRecentlyUsed.legend": "Recently used date ranges",
          "euiRefreshInterval.fullDescriptionOff": [Function],
          "euiRefreshInterval.fullDescriptionOn": [Function],
          "euiRefreshInterval.legend": "Refresh every",
          "euiRelativeTab.dateInputError": "Must be a valid range",
          "euiRelativeTab.fullDescription": [Function],
          "euiRelativeTab.numberInputError": "Must be >= 0",
          "euiRelativeTab.numberInputLabel": "Time span amount",
          "euiRelativeTab.relativeDate": [Function],
          "euiRelativeTab.roundingLabel": [Function],
          "euiRelativeTab.unitInputLabel": "Relative time span",
          "euiResizableButton.horizontalResizerAriaLabel": "Press left or right to adjust panels size",
          "euiResizableButton.verticalResizerAriaLabel": "Press up or down to adjust panels size",
          "euiResizablePanel.toggleButtonAriaLabel": "Press to toggle this panel",
          "euiSaturation.ariaLabel": "HSV color mode saturation and value 2-axis slider",
          "euiSaturation.screenReaderInstructions": "Arrow keys to navigate the square color gradient. Coordinates will be used to calculate HSV color mode \\"saturation\\" and \\"value\\" numbers, in the range of 0 to 1. Left and right to change the saturation. Up and down change the value.",
          "euiSelectable.loadingOptions": "Loading options",
          "euiSelectable.noAvailableOptions": "No options available",
          "euiSelectable.noMatchingOptions": [Function],
          "euiSelectable.placeholderName": "Filter options",
          "euiSelectable.screenReaderInstructions": "Use up and down arrows to move focus over options. Enter to select. Escape to collapse options.",
          "euiSelectable.searchResults": [Function],
          "euiSelectableListItem.checkedOption": "Checked option.",
          "euiSelectableListItem.checkedOptionInstructions": "To uncheck this option, press enter.",
          "euiSelectableListItem.excludedOption": "Excluded option.",
          "euiSelectableListItem.excludedOptionInstructions": "To uncheck this option, press enter.",
          "euiSelectableListItem.includedOption": "Selected option.",
          "euiSelectableListItem.includedOptionInstructions": "To exclude this option, press enter.",
          "euiSelectableListItem.unckeckedOptionInstructions": "To select this option, press enter.",
          "euiSelectableTemplateSitewide.loadingResults": "Loading results",
          "euiSelectableTemplateSitewide.noResults": "No results available",
          "euiSelectableTemplateSitewide.onFocusBadgeGoTo": "Go to",
          "euiSelectableTemplateSitewide.searchPlaceholder": "Search for anything...",
          "euiStat.loadingText": "Statistic is loading",
          "euiStepStrings.complete": [Function],
          "euiStepStrings.current": [Function],
          "euiStepStrings.disabled": [Function],
          "euiStepStrings.errors": [Function],
          "euiStepStrings.incomplete": [Function],
          "euiStepStrings.loading": [Function],
          "euiStepStrings.simpleComplete": [Function],
          "euiStepStrings.simpleCurrent": [Function],
          "euiStepStrings.simpleDisabled": [Function],
          "euiStepStrings.simpleErrors": [Function],
          "euiStepStrings.simpleIncomplete": [Function],
          "euiStepStrings.simpleLoading": [Function],
          "euiStepStrings.simpleStep": [Function],
          "euiStepStrings.simpleWarning": [Function],
          "euiStepStrings.step": [Function],
          "euiStepStrings.warning": [Function],
          "euiSuggest.stateLoading": "State: loading.",
          "euiSuggest.stateSaved": "State: saved.",
          "euiSuggest.stateSavedTooltip": "Saved.",
          "euiSuggest.stateUnchanged": "State: unchanged.",
          "euiSuggest.stateUnsaved": "State: unsaved.",
          "euiSuggest.stateUnsavedTooltip": "Changes have not been saved.",
          "euiSuperSelect.screenReaderAnnouncement": "You are in a form selector and must select a single option. Use the up and down keys to navigate or escape to close.",
          "euiSuperSelectControl.selectAnOption": [Function],
          "euiSuperUpdateButton.cannotUpdateTooltip": "Cannot update",
          "euiSuperUpdateButton.clickToApplyTooltip": "Click to apply",
          "euiSuperUpdateButton.refreshButtonLabel": "Refresh",
          "euiSuperUpdateButton.updateButtonLabel": "Update",
          "euiSuperUpdateButton.updatingButtonLabel": "Updating",
          "euiTableHeaderCell.titleTextWithDesc": [Function],
          "euiTablePagination.allRows": "Showing all rows",
          "euiTablePagination.rowsPerPage": "Rows per page",
          "euiTablePagination.rowsPerPageOption": [Function],
          "euiTablePagination.rowsPerPageOptionShowAllRows": "Show all rows",
          "euiTableSortMobile.sorting": "Sorting",
          "euiToast.dismissToast": "Dismiss toast",
          "euiToast.newNotification": "A new notification appears",
          "euiToast.notification": "Notification",
          "euiTourStep.closeTour": "Close tour",
          "euiTourStep.endTour": "End tour",
          "euiTourStep.skipTour": "Skip tour",
          "euiTourStepIndicator.ariaLabel": [Function],
          "euiTourStepIndicator.isActive": "active",
          "euiTourStepIndicator.isComplete": "complete",
          "euiTourStepIndicator.isIncomplete": "incomplete",
          "euiTreeView.ariaLabel": [Function],
          "euiTreeView.listNavigationInstructions": "You can quickly navigate this list using arrow keys.",
        },
      }
    }
  >
    content
  </MockEuiContext>
</MockI18nProvider>
`;
