// Jest Snapshot v1, https://goo.gl/fbAQLP

exports[`VisualizationNoResults should render according to snapshot 1`] = `
<div
  class="visError"
  data-test-subj="visNoResult"
>
  <div
    class="euiPanel euiPanel--transparent euiEmptyPrompt euiEmptyPrompt--vertical euiEmptyPrompt--paddingLarge emotion-euiPanel-m-transparent"
    data-test-subj="visualization-error"
  >
    <div
      class="euiEmptyPrompt__main"
    >
      <div
        class="euiEmptyPrompt__icon"
      >
        <span
          color="default"
          data-euiicon-type="visualizeApp"
        />
      </div>
      <div
        class="euiEmptyPrompt__content"
      >
        <div
          class="euiEmptyPrompt__contentInner"
        >
          <div
            class="euiText emotion-euiText-m-euiTextColor-subdued"
          >
            <div
              class="euiText visualization-error-text emotion-euiText-xs"
            >
              No results found
            </div>
          </div>
        </div>
      </div>
    </div>
  </div>
</div>
`;
