// Jest Snapshot v1, https://goo.gl/fbAQLP

exports[`Flyout rendering it renders correctly against snapshot 1`] = `
<DocumentFragment>
  <div
    data-eui="EuiFocusTrap"
  >
    <div
      data-test-subj="flyout-pane"
    />
  </div>
  .c3:active,
.c3:focus {
  background: transparent;
}

.c3 > span {
  padding: 0;
}

.c4 {
  overflow: hidden;
  display: inline-block;
  text-overflow: ellipsis;
  white-space: nowrap;
}

.c1 {
  overflow-x: auto;
}

.c2 {
  overflow: hidden;
}

.c0 {
  backgroundColor: #1d1e24;
  color: #dfe5ef;
  padding-inline: 12px;
  border-radius: 0px;
}

<div
    class="timeline-flyout-button-bar"
    data-test-subj="flyoutBottomBar"
  >
    <div
      class="euiPanel euiPanel--plain euiPanel--paddingSmall c0 emotion-euiPanel-m-s-plain"
      data-show="false"
      data-test-subj="timeline-flyout-header-panel"
    >
      <div
        class="euiFlexGroup c1 eui-scrollBar emotion-euiFlexGroup-s-spaceBetween-center-row"
      >
        <div
          class="euiFlexItem emotion-euiFlexItem-growZero"
        >
          <div
            class="euiFlexGroup emotion-euiFlexGroup-xs-flexStart-center-row"
          >
            <div
              class="euiFlexItem emotion-euiFlexItem-growZero"
            >
              <div
                class="euiFlexItem emotion-euiFlexItem-growZero"
              >
                <div
                  class="euiPopover emotion-euiPopover-inline-block"
                  id="timelineSettingsPopover"
                >
                  <button
                    aria-label="Add new timeline or template"
                    class="euiButtonIcon add-timeline-button emotion-euiButtonIcon-xs-empty-primary"
                    data-test-subj="timeline-create-open-control"
                    type="button"
                  >
                    <span
                      aria-hidden="true"
                      class="euiButtonIcon__icon"
                      color="inherit"
                      data-euiicon-type="plusInCircle"
                    />
                  </button>
                </div>
              </div>
            </div>
            <div
              class="euiFlexItem emotion-euiFlexItem-growZero"
            >
              <button
                aria-label="Add to favorites"
                aria-pressed="false"
                class="euiButtonIcon emotion-euiButtonIcon-xs-empty-primary"
                data-test-subj="timeline-favorite-empty-star"
                id="add-to-favorites"
                title="Add to favorites"
                type="button"
              >
                <span
                  aria-hidden="true"
                  class="euiButtonIcon__icon"
                  color="inherit"
                  data-euiicon-type="starEmpty"
                />
              </button>
            </div>
            <div
              class="euiFlexItem emotion-euiFlexItem-growZero"
            >
              <div
                class="euiFlexItem c2 emotion-euiFlexItem-growZero"
              >
                <button
                  aria-label="Open timeline Untitled timeline"
                  aria-pressed="false"
                  class="euiButtonEmpty c3 active-timeline-button emotion-euiButtonDisplay-euiButtonEmpty-s-empty-primary-flush-both"
                  data-test-subj="flyoutOverlay"
                  type="button"
                >
                  <span
                    class="euiButtonEmpty__content emotion-euiButtonDisplayContent"
                  >
                    <span
                      class="eui-textTruncate euiButtonEmpty__text"
                    >
                      <div
                        class="euiFlexGroup emotion-euiFlexGroup-none-flexStart-center-row"
                      >
                        <div
                          class="euiFlexItem c4 emotion-euiFlexItem-growZero"
                          data-test-subj="timeline-title"
                        >
                          Untitled timeline
                        </div>
                        <div
                          class="euiFlexItem emotion-euiFlexItem-growZero"
                        >
                          <div />
                        </div>
                      </div>
                    </span>
                  </span>
                </button>
              </div>
            </div>
            <div
              class="euiFlexItem emotion-euiFlexItem-growZero"
            >
              <div
                class="euiText emotion-euiText-xs"
                data-test-subj="timeline-save-status"
              >
                <span
                  class="euiBadge emotion-euiBadge-warning"
                  title="Unsaved"
                >
                  <span
                    class="euiBadge__content emotion-euiBadge__content"
                  >
                    <span
                      class="euiBadge__text emotion-euiBadge__text"
                    >
                      Unsaved
                    </span>
                  </span>
                </span>
              </div>
            </div>
          </div>
        </div>
      </div>
    </div>
  </div>
</DocumentFragment>
`;
