// Jest Snapshot v1, https://goo.gl/fbAQLP

exports[`AttributionControl is rendered 1`] = `
<AttributionContainer
  isFullScreen={true}
>
  <EuiLink
    color="text"
    href="https://coolmaps.com"
    target="_blank"
  >
    attribution with link
  </EuiLink>
  , 
  attribution with no link
</AttributionContainer>
`;
