// Jest Snapshot v1, https://goo.gl/fbAQLP

exports[`EnabledFeatures renders as expected 1`] = `
<SectionPanel
  collapsible={true}
  data-test-subj="enabled-features-panel"
  description="Customize visible features"
  initiallyCollapsed={true}
  intl={
    Object {
      "defaultFormats": Object {},
      "defaultLocale": "en",
      "formatDate": [Function],
      "formatHTMLMessage": [Function],
      "formatMessage": [Function],
      "formatNumber": [Function],
      "formatPlural": [Function],
      "formatRelative": [Function],
      "formatTime": [Function],
      "formats": Object {
        "date": Object {
          "full": Object {
            "day": "numeric",
            "month": "long",
            "weekday": "long",
            "year": "numeric",
          },
          "long": Object {
            "day": "numeric",
            "month": "long",
            "year": "numeric",
          },
          "medium": Object {
            "day": "numeric",
            "month": "short",
            "year": "numeric",
          },
          "short": Object {
            "day": "numeric",
            "month": "numeric",
            "year": "2-digit",
          },
        },
        "number": Object {
          "currency": Object {
            "style": "currency",
          },
          "percent": Object {
            "style": "percent",
          },
        },
        "relative": Object {
          "days": Object {
            "units": "day",
          },
          "hours": Object {
            "units": "hour",
          },
          "minutes": Object {
            "units": "minute",
          },
          "months": Object {
            "units": "month",
          },
          "seconds": Object {
            "units": "second",
          },
          "years": Object {
            "units": "year",
          },
        },
        "time": Object {
          "full": Object {
            "hour": "numeric",
            "minute": "numeric",
            "second": "numeric",
            "timeZoneName": "short",
          },
          "long": Object {
            "hour": "numeric",
            "minute": "numeric",
            "second": "numeric",
            "timeZoneName": "short",
          },
          "medium": Object {
            "hour": "numeric",
            "minute": "numeric",
            "second": "numeric",
          },
          "short": Object {
            "hour": "numeric",
            "minute": "numeric",
          },
        },
      },
      "formatters": Object {
        "getDateTimeFormat": [Function],
        "getMessageFormat": [Function],
        "getNumberFormat": [Function],
        "getPluralFormat": [Function],
        "getRelativeFormat": [Function],
      },
      "locale": "en",
      "messages": Object {},
      "now": [Function],
      "onError": [Function],
      "textComponent": Symbol(react.fragment),
      "timeZone": null,
    }
  }
  title={
    <span>
      <FormattedMessage
        defaultMessage="Customize feature display"
        id="xpack.spaces.management.enabledSpaceFeatures.enabledFeaturesSectionMessage"
        values={Object {}}
      />
       
      <EuiText
        color="danger"
        size="s"
        style={
          Object {
            "display": "inline-block",
          }
        }
      >
        <em>
          <FormattedMessage
            defaultMessage="(no features visible)"
            id="xpack.spaces.management.enabledSpaceFeatures.noFeaturesEnabledMessage"
            values={Object {}}
          />
        </em>
      </EuiText>
    </span>
  }
>
  <EuiFlexGroup>
    <EuiFlexItem>
      <EuiTitle
        size="xs"
      >
        <h3>
          <FormattedMessage
            defaultMessage="Control which features are visible in this space."
            id="xpack.spaces.management.enabledSpaceFeatures.enableFeaturesInSpaceMessage"
            values={Object {}}
          />
        </h3>
      </EuiTitle>
      <EuiSpacer
        size="s"
      />
      <EuiText
        color="subdued"
        size="s"
      >
        <p>
          <FormattedMessage
            defaultMessage="The feature is hidden in the UI, but is not disabled."
            id="xpack.spaces.management.enabledSpaceFeatures.notASecurityMechanismMessage"
            values={Object {}}
          />
        </p>
        <p>
          <FormattedMessage
            defaultMessage="Want to secure access? Go to {rolesLink}."
            id="xpack.spaces.management.enabledSpaceFeatures.goToRolesLink"
            values={
              Object {
                "rolesLink": <EuiLink
                  color="primary"
                  href="#/management/security/roles"
                  type="button"
                >
                  <FormattedMessage
                    defaultMessage="Roles"
                    id="xpack.spaces.management.enabledSpaceFeatures.rolesLinkText"
                    values={Object {}}
                  />
                </EuiLink>,
              }
            }
          />
        </p>
      </EuiText>
    </EuiFlexItem>
    <EuiFlexItem>
      <FeatureTable
        features={
          Array [
            Object {
              "app": Array [],
              "id": "feature-1",
              "name": "Feature 1",
              "privileges": Object {},
            },
            Object {
              "app": Array [],
              "id": "feature-2",
              "name": "Feature 2",
              "privileges": Object {},
            },
          ]
        }
        intl={
          Object {
            "defaultFormats": Object {},
            "defaultLocale": "en",
            "formatDate": [Function],
            "formatHTMLMessage": [Function],
            "formatMessage": [Function],
            "formatNumber": [Function],
            "formatPlural": [Function],
            "formatRelative": [Function],
            "formatTime": [Function],
            "formats": Object {
              "date": Object {
                "full": Object {
                  "day": "numeric",
                  "month": "long",
                  "weekday": "long",
                  "year": "numeric",
                },
                "long": Object {
                  "day": "numeric",
                  "month": "long",
                  "year": "numeric",
                },
                "medium": Object {
                  "day": "numeric",
                  "month": "short",
                  "year": "numeric",
                },
                "short": Object {
                  "day": "numeric",
                  "month": "numeric",
                  "year": "2-digit",
                },
              },
              "number": Object {
                "currency": Object {
                  "style": "currency",
                },
                "percent": Object {
                  "style": "percent",
                },
              },
              "relative": Object {
                "days": Object {
                  "units": "day",
                },
                "hours": Object {
                  "units": "hour",
                },
                "minutes": Object {
                  "units": "minute",
                },
                "months": Object {
                  "units": "month",
                },
                "seconds": Object {
                  "units": "second",
                },
                "years": Object {
                  "units": "year",
                },
              },
              "time": Object {
                "full": Object {
                  "hour": "numeric",
                  "minute": "numeric",
                  "second": "numeric",
                  "timeZoneName": "short",
                },
                "long": Object {
                  "hour": "numeric",
                  "minute": "numeric",
                  "second": "numeric",
                  "timeZoneName": "short",
                },
                "medium": Object {
                  "hour": "numeric",
                  "minute": "numeric",
                  "second": "numeric",
                },
                "short": Object {
                  "hour": "numeric",
                  "minute": "numeric",
                },
              },
            },
            "formatters": Object {
              "getDateTimeFormat": [Function],
              "getMessageFormat": [Function],
              "getNumberFormat": [Function],
              "getPluralFormat": [Function],
              "getRelativeFormat": [Function],
            },
            "locale": "en",
            "messages": Object {},
            "now": [Function],
            "onError": [Function],
            "textComponent": Symbol(react.fragment),
            "timeZone": null,
          }
        }
        onChange={[MockFunction]}
        space={
          Object {
            "disabledFeatures": Array [
              "feature-1",
              "feature-2",
            ],
            "id": "my-space",
            "name": "my space",
          }
        }
      />
    </EuiFlexItem>
  </EuiFlexGroup>
</SectionPanel>
`;
