// Jest Snapshot v1, https://goo.gl/fbAQLP

exports[`getEuidEsqlDocumentsContainsIdFilter returns documents filter AND postAggFilter for user (IDP or non-IDP only) 1`] = `"(\`event.outcome\` IS NULL OR \`event.outcome\` != \\"failure\\") AND (NOT(\`user.email\` IS NULL) AND \`user.email\` != \\"\\" OR NOT(\`user.id\` IS NULL) AND \`user.id\` != \\"\\" OR NOT(\`user.name\` IS NULL) AND \`user.name\` != \\"\\")"`;
