// Jest Snapshot v1, https://goo.gl/fbAQLP

exports[`generateLatestProcessors(definition) should genearte a valid pipeline 1`] = `
Array [
  Object {
    "set": Object {
      "field": "event.ingested",
      "value": "{{{_ingest.timestamp}}}",
    },
  },
  Object {
    "set": Object {
      "field": "entity.type",
      "value": "service",
    },
  },
  Object {
    "set": Object {
      "field": "entity.definitionId",
      "value": "admin-console-services",
    },
  },
  Object {
    "script": Object {
      "source": "if (ctx.entity?.metadata?.tags.data != null) {
  ctx[\\"tags\\"] = ctx.entity.metadata.tags.data.keySet();
}
if (ctx.entity?.metadata?.host?.name.data != null) {
 if(ctx.host == null)  ctx[\\"host\\"] = new HashMap();
  ctx[\\"host\\"][\\"name\\"] = ctx.entity.metadata.host.name.data.keySet();
}
if (ctx.entity?.metadata?.host?.os?.name.data != null) {
 if(ctx.host == null)  ctx[\\"host\\"] = new HashMap();
 if(ctx.host.os == null)  ctx[\\"host\\"][\\"os\\"] = new HashMap();
  ctx[\\"host\\"][\\"os\\"][\\"name\\"] = ctx.entity.metadata.host.os.name.data.keySet();
}
",
    },
  },
  Object {
    "remove": Object {
      "field": "entity.metadata",
      "ignore_missing": true,
    },
  },
  Object {
    "set": Object {
      "field": "_index",
      "value": ".entities.v1.latest.admin-console-services",
    },
  },
]
`;
