// Jest Snapshot v1, https://goo.gl/fbAQLP

exports[`EmptyState should render normally 1`] = `
<div>
  <EuiCallOut
    color="warning"
    size="m"
    title={
      <FormattedMessage
        defaultMessage="Couldn't find any Elasticsearch data"
        id="kbn.management.createIndexPattern.emptyStateHeader"
        values={Object {}}
      />
    }
  >
    <p>
      <FormattedMessage
        defaultMessage="{needToIndex} {learnHowLink} or {getStartedLink}"
        id="kbn.management.createIndexPattern.emptyStateLabel.emptyStateDetail"
        values={
          Object {
            "getStartedLink": <EuiLink
              color="primary"
              href="#/home/tutorial_directory/sampleData"
              type="button"
            >
              <FormattedMessage
                defaultMessage="get started with some sample data sets."
                id="kbn.management.createIndexPattern.emptyStateLabel.getStartedLink"
                values={Object {}}
              />
            </EuiLink>,
            "learnHowLink": <EuiLink
              color="primary"
              href="#/home/tutorial_directory"
              type="button"
            >
              <FormattedMessage
                defaultMessage="Learn how"
                id="kbn.management.createIndexPattern.emptyStateLabel.learnHowLink"
                values={Object {}}
              />
            </EuiLink>,
            "needToIndex": <EuiTextColor
              color="subdued"
            >
              <FormattedMessage
                defaultMessage="You'll need to index some data into Elasticsearch before you can create an index pattern."
                id="kbn.management.createIndexPattern.emptyStateLabel.needToIndexLabel"
                values={Object {}}
              />
            </EuiTextColor>,
          }
        }
      />
    </p>
    <EuiButton
      color="warning"
      data-test-subj="refreshIndicesButton"
      fill={false}
      iconSide="left"
      iconType="refresh"
      onClick={[Function]}
      size="m"
      type="button"
    >
      <FormattedMessage
        defaultMessage="Check for new data"
        id="kbn.management.createIndexPattern.emptyState.checkDataButton"
        values={Object {}}
      />
    </EuiButton>
  </EuiCallOut>
</div>
`;
