// Jest Snapshot v1, https://goo.gl/fbAQLP

exports[`PingHistogram component renders the component without errors 1`] = `
Array [
  <h2
    class="euiTitle euiTitle--xsmall"
  >
    Pings over time
  </h2>,
  <div
    aria-label="Bar Chart showing uptime status over time from a year ago to a year ago."
    style="height:100%;opacity:1;transition:opacity 0.2s"
  >
    <div
      class="echChart"
    >
      <div
        class="echChartBackground"
        style="background-color:transparent"
      />
      <div
        class="echChartStatus"
        data-ech-render-complete="false"
        data-ech-render-count="0"
      />
      <div
        class="echChartResizer"
      />
      <div
        class="echContainer"
      />
    </div>
  </div>,
]
`;

exports[`PingHistogram component shallow renders the component without errors 1`] = `
<ContextProvider
  value={
    Object {
      "history": Object {
        "action": "POP",
        "block": [Function],
        "canGo": [Function],
        "createHref": [Function],
        "entries": Array [
          Object {
            "hash": "",
            "key": "TestKeyForTesting",
            "pathname": "/",
            "search": "",
            "state": undefined,
          },
        ],
        "go": [Function],
        "goBack": [Function],
        "goForward": [Function],
        "index": 0,
        "length": 1,
        "listen": [Function],
        "location": Object {
          "hash": "",
          "key": "TestKeyForTesting",
          "pathname": "/",
          "search": "",
          "state": undefined,
        },
        "push": [Function],
        "replace": [Function],
      },
      "location": Object {
        "hash": "",
        "key": "TestKeyForTesting",
        "pathname": "/",
        "search": "",
        "state": undefined,
      },
      "match": Object {
        "isExact": true,
        "params": Object {},
        "path": "/",
        "url": "/",
      },
      "staticContext": undefined,
    }
  }
>
  <ContextProvider
    value={
      Object {
        "action": "POP",
        "block": [Function],
        "canGo": [Function],
        "createHref": [Function],
        "entries": Array [
          Object {
            "hash": "",
            "key": "TestKeyForTesting",
            "pathname": "/",
            "search": "",
            "state": undefined,
          },
        ],
        "go": [Function],
        "goBack": [Function],
        "goForward": [Function],
        "index": 0,
        "length": 1,
        "listen": [Function],
        "location": Object {
          "hash": "",
          "key": "TestKeyForTesting",
          "pathname": "/",
          "search": "",
          "state": undefined,
        },
        "push": [Function],
        "replace": [Function],
      }
    }
  >
    <PingHistogramComponent
      absoluteEndDate={1548700920000}
      absoluteStartDate={1548697920000}
      data={
        Object {
          "histogram": Array [
            Object {
              "downCount": 6,
              "upCount": 33,
              "x": 1581068329000,
              "y": 1,
            },
            Object {
              "downCount": 6,
              "upCount": 30,
              "x": 1581068359000,
              "y": 1,
            },
            Object {
              "downCount": 6,
              "upCount": 33,
              "x": 1581068389000,
              "y": 1,
            },
            Object {
              "downCount": 6,
              "upCount": 30,
              "x": 1581068419000,
              "y": 1,
            },
            Object {
              "downCount": 6,
              "upCount": 33,
              "x": 1581068449000,
              "y": 1,
            },
            Object {
              "downCount": 6,
              "upCount": 30,
              "x": 1581068479000,
              "y": 1,
            },
            Object {
              "downCount": 6,
              "upCount": 33,
              "x": 1581068509000,
              "y": 1,
            },
            Object {
              "downCount": 6,
              "upCount": 30,
              "x": 1581068539000,
              "y": 1,
            },
            Object {
              "downCount": 6,
              "upCount": 33,
              "x": 1581068569000,
              "y": 1,
            },
            Object {
              "downCount": 6,
              "upCount": 30,
              "x": 1581068599000,
              "y": 1,
            },
            Object {
              "downCount": 6,
              "upCount": 33,
              "x": 1581068629000,
              "y": 1,
            },
            Object {
              "downCount": 6,
              "upCount": 30,
              "x": 1581068659000,
              "y": 1,
            },
            Object {
              "downCount": 6,
              "upCount": 33,
              "x": 1581068689000,
              "y": 1,
            },
            Object {
              "downCount": 6,
              "upCount": 30,
              "x": 1581068719000,
              "y": 1,
            },
            Object {
              "downCount": 5,
              "upCount": 34,
              "x": 1581068749000,
              "y": 1,
            },
            Object {
              "downCount": 3,
              "upCount": 33,
              "x": 1581068779000,
              "y": 1,
            },
            Object {
              "downCount": 3,
              "upCount": 36,
              "x": 1581068809000,
              "y": 1,
            },
            Object {
              "downCount": 3,
              "upCount": 33,
              "x": 1581068839000,
              "y": 1,
            },
            Object {
              "downCount": 3,
              "upCount": 36,
              "x": 1581068869000,
              "y": 1,
            },
            Object {
              "downCount": 3,
              "upCount": 33,
              "x": 1581068899000,
              "y": 1,
            },
            Object {
              "downCount": 3,
              "upCount": 36,
              "x": 1581068929000,
              "y": 1,
            },
            Object {
              "downCount": 3,
              "upCount": 33,
              "x": 1581068959000,
              "y": 1,
            },
            Object {
              "downCount": 3,
              "upCount": 36,
              "x": 1581068989000,
              "y": 1,
            },
            Object {
              "downCount": 1,
              "upCount": 11,
              "x": 1581069019000,
              "y": 1,
            },
          ],
          "interval": "1s",
        }
      }
    />
  </ContextProvider>
</ContextProvider>
`;
