// Jest Snapshot v1, https://goo.gl/fbAQLP

exports[`ShardFailureDescription renders matching snapshot given valid properties 1`] = `
<EuiDescriptionList
  className="shardFailureModal__desc"
  compressed={true}
  listItems={
    Array [
      Object {
        "description": "script_exception",
        "title": "Type",
      },
      Object {
        "description": "runtime error",
        "title": "Reason",
      },
      Object {
        "description": <EuiCodeBlock
          isCopyable={true}
          language="java"
          paddingSize="s"
        >
          return doc['targetfield'].value;
           ^---- HERE
        </EuiCodeBlock>,
        "title": "Script stack",
      },
      Object {
        "description": <EuiCodeBlock
          isCopyable={true}
          language="java"
          paddingSize="s"
        >
          return doc['targetfield'].value;
        </EuiCodeBlock>,
        "title": "Script",
      },
      Object {
        "description": "painless",
        "title": "Lang",
      },
      Object {
        "description": "illegal_argument_exception",
        "title": "Caused by type",
      },
      Object {
        "description": "Gimme reason",
        "title": "Caused by reason",
      },
    ]
  }
/>
`;
