// Jest Snapshot v1, https://goo.gl/fbAQLP

exports[`\`format()\` correctly formats record. 1`] = `"{\\"@timestamp\\":\\"2012-02-01T00:00:00.000Z\\",\\"level\\":\\"FATAL\\",\\"context\\":\\"context-1\\",\\"message\\":\\"message-1\\",\\"error\\":{\\"name\\":\\"Some error name\\",\\"stack\\":\\"Some error stack\\",\\"message\\":\\"Some error message\\"}}"`;

exports[`\`format()\` correctly formats record. 2`] = `"{\\"@timestamp\\":\\"2012-02-01T00:00:00.000Z\\",\\"level\\":\\"ERROR\\",\\"context\\":\\"context-2\\",\\"message\\":\\"message-2\\"}"`;

exports[`\`format()\` correctly formats record. 3`] = `"{\\"@timestamp\\":\\"2012-02-01T00:00:00.000Z\\",\\"level\\":\\"WARN\\",\\"context\\":\\"context-3\\",\\"message\\":\\"message-3\\"}"`;

exports[`\`format()\` correctly formats record. 4`] = `"{\\"@timestamp\\":\\"2012-02-01T00:00:00.000Z\\",\\"level\\":\\"DEBUG\\",\\"context\\":\\"context-4\\",\\"message\\":\\"message-4\\"}"`;

exports[`\`format()\` correctly formats record. 5`] = `"{\\"@timestamp\\":\\"2012-02-01T00:00:00.000Z\\",\\"level\\":\\"INFO\\",\\"context\\":\\"context-5\\",\\"message\\":\\"message-5\\"}"`;

exports[`\`format()\` correctly formats record. 6`] = `"{\\"@timestamp\\":\\"2012-02-01T00:00:00.000Z\\",\\"level\\":\\"TRACE\\",\\"context\\":\\"context-6\\",\\"message\\":\\"message-6\\"}"`;
