// Jest Snapshot v1, https://goo.gl/fbAQLP

exports[`KibanaLinkComponent should render correct markup 1`] = `
<a
  className="euiLink euiLink--primary"
  href="myBasePath/app/kibana#/discover?_a=(interval:auto,query:(language:lucene,query:'context.service.name:myServiceName AND error.grouping_key:myGroupId'),sort:('@timestamp':desc))&_g="
>
  Go to Discover
</a>
`;

exports[`RelativeLinkComponent should render correct markup 1`] = `
<a
  className="euiLink euiLink--primary "
  href="/opbeans-node/errors?foo=bar&foo2=bar2"
  onClick={[Function]}
>
  Go to Discover
</a>
`;

exports[`ViewMLJob should render component 1`] = `
<Connect(KibanaLinkComponent)
  hash="/timeseriesexplorer"
  pathname="/app/ml"
  query={
    Object {
      "_a": null,
      "_g": Object {
        "ml": Object {
          "jobIds": Array [
            "myServiceName-myTransactionType-high_mean_response_time",
          ],
        },
      },
    }
  }
>
  View Job
</Connect(KibanaLinkComponent)>
`;
