// Jest Snapshot v1, https://goo.gl/fbAQLP

exports[`Columns it renders the expected columns 1`] = `
<EventsTdGroupData
  data-test-subj="data-driven-columns"
>
  <EventsTd
    key="message"
    style={
      Object {
        "flexBasis": "180px",
      }
    }
  >
    <EventsTdContent
      data-test-subj="cell-container"
    >
      <DraggableWrapper
        dataProvider={
          Object {
            "and": Array [],
            "enabled": true,
            "excluded": true,
            "id": "empty-column-renderer-draggable-wrapper-test-message-1-message",
            "kqlQuery": "",
            "name": "message: ",
            "queryMatch": Object {
              "displayValue": "—",
              "field": "message",
              "operator": ":*",
              "value": "",
            },
          }
        }
        key="empty-column-renderer-draggable-wrapper-test-message-1-message"
        render={[Function]}
        truncate={true}
      />
    </EventsTdContent>
  </EventsTd>
  <EventsTd
    key="event.category"
    style={
      Object {
        "flexBasis": "180px",
      }
    }
  >
    <EventsTdContent
      data-test-subj="cell-container"
    >
      <FormattedFieldValue
        contextId="plain-column-renderer-formatted-field-value-test"
        eventId="1"
        fieldFormat=""
        fieldName="event.category"
        fieldType=""
        key="plain-column-renderer-formatted-field-value-test-event.category-1-event.category-Access"
        truncate={true}
        value="Access"
      />
    </EventsTdContent>
  </EventsTd>
  <EventsTd
    key="event.action"
    style={
      Object {
        "flexBasis": "180px",
      }
    }
  >
    <EventsTdContent
      data-test-subj="cell-container"
    >
      <FormattedFieldValue
        contextId="plain-column-renderer-formatted-field-value-test"
        eventId="1"
        fieldFormat=""
        fieldName="event.action"
        fieldType=""
        key="plain-column-renderer-formatted-field-value-test-event.action-1-event.action-Action"
        truncate={true}
        value="Action"
      />
    </EventsTdContent>
  </EventsTd>
  <EventsTd
    key="host.name"
    style={
      Object {
        "flexBasis": "180px",
      }
    }
  >
    <EventsTdContent
      data-test-subj="cell-container"
    >
      <FormattedFieldValue
        contextId="plain-column-renderer-formatted-field-value-test"
        eventId="1"
        fieldFormat=""
        fieldName="host.name"
        fieldType=""
        key="plain-column-renderer-formatted-field-value-test-host.name-1-host.name-apache"
        truncate={true}
        value="apache"
      />
    </EventsTdContent>
  </EventsTd>
  <EventsTd
    key="source.ip"
    style={
      Object {
        "flexBasis": "180px",
      }
    }
  >
    <EventsTdContent
      data-test-subj="cell-container"
    >
      <FormattedFieldValue
        contextId="plain-column-renderer-formatted-field-value-test"
        eventId="1"
        fieldFormat=""
        fieldName="source.ip"
        fieldType=""
        key="plain-column-renderer-formatted-field-value-test-source.ip-1-source.ip-192.168.0.1"
        truncate={true}
        value="192.168.0.1"
      />
    </EventsTdContent>
  </EventsTd>
  <EventsTd
    key="destination.ip"
    style={
      Object {
        "flexBasis": "180px",
      }
    }
  >
    <EventsTdContent
      data-test-subj="cell-container"
    >
      <FormattedFieldValue
        contextId="plain-column-renderer-formatted-field-value-test"
        eventId="1"
        fieldFormat=""
        fieldName="destination.ip"
        fieldType=""
        key="plain-column-renderer-formatted-field-value-test-destination.ip-1-destination.ip-192.168.0.3"
        truncate={true}
        value="192.168.0.3"
      />
    </EventsTdContent>
  </EventsTd>
  <EventsTd
    key="user.name"
    style={
      Object {
        "flexBasis": "180px",
      }
    }
  >
    <EventsTdContent
      data-test-subj="cell-container"
    >
      <FormattedFieldValue
        contextId="plain-column-renderer-formatted-field-value-test"
        eventId="1"
        fieldFormat=""
        fieldName="user.name"
        fieldType=""
        key="plain-column-renderer-formatted-field-value-test-user.name-1-user.name-john.dee"
        truncate={true}
        value="john.dee"
      />
    </EventsTdContent>
  </EventsTd>
</EventsTdGroupData>
`;
