// Jest Snapshot v1, https://goo.gl/fbAQLP

exports[`FieldMappingRow it renders 1`] = `
<EuiFlexGroup
  alignItems="center"
>
  <EuiFlexItem>
    <EuiFlexGroup
      component="span"
      justifyContent="spaceBetween"
    >
      <EuiFlexItem
        component="span"
        grow={false}
      >
        Title
      </EuiFlexItem>
      <EuiFlexItem
        component="span"
        grow={false}
      >
        <EuiIcon
          type="sortRight"
        />
      </EuiFlexItem>
    </EuiFlexGroup>
  </EuiFlexItem>
  <EuiFlexItem>
    <EuiSuperSelect
      compressed={false}
      data-test-subj="case-configure-third-party-select"
      disabled={false}
      fullWidth={false}
      hasDividers={false}
      isInvalid={false}
      isLoading={false}
      onChange={[Function]}
      options={
        Array [
          Object {
            "data-test-subj": "third-party-short-desc",
            "inputDisplay": <span>
              Short Description
            </span>,
            "value": "short_description",
          },
          Object {
            "data-test-subj": "third-party-desc",
            "inputDisplay": <span>
              Description
            </span>,
            "value": "description",
          },
        ]
      }
      valueOfSelected="short_description"
    />
  </EuiFlexItem>
  <EuiFlexItem>
    <EuiSuperSelect
      compressed={false}
      data-test-subj="case-configure-action-type-select"
      disabled={false}
      fullWidth={false}
      hasDividers={false}
      isInvalid={false}
      isLoading={false}
      onChange={[Function]}
      options={
        Array [
          Object {
            "data-test-subj": "edit-update-option-nothing",
            "inputDisplay": <React.Fragment>
              Nothing
            </React.Fragment>,
            "value": "nothing",
          },
          Object {
            "data-test-subj": "edit-update-option-overwrite",
            "inputDisplay": <React.Fragment>
              Overwrite
            </React.Fragment>,
            "value": "overwrite",
          },
          Object {
            "data-test-subj": "edit-update-option-append",
            "inputDisplay": <React.Fragment>
              Append
            </React.Fragment>,
            "value": "append",
          },
        ]
      }
      valueOfSelected="nothing"
    />
  </EuiFlexItem>
</EuiFlexGroup>
`;
