// Jest Snapshot v1, https://goo.gl/fbAQLP

exports[`Top transaction groups when data is loaded returns the correct buckets (when ignoring samples) 1`] = `
Array [
  Object {
    "averageResponseTime": 2612,
    "impact": 0,
    "key": "POST /api/orders",
    "p95": 2608,
    "serviceName": "opbeans-node",
    "transactionName": "POST /api/orders",
    "transactionType": "request",
    "transactionsPerMinute": 0.016666666666666666,
  },
  Object {
    "averageResponseTime": 8710,
    "impact": 0.21594473634705155,
    "key": "GET /api/types/:id",
    "p95": 8832,
    "serviceName": "opbeans-node",
    "transactionName": "GET /api/types/:id",
    "transactionType": "request",
    "transactionsPerMinute": 0.03333333333333333,
  },
  Object {
    "averageResponseTime": 15469,
    "impact": 0.41307743123761353,
    "key": "GET /api/products/:id/customers",
    "p95": 17728,
    "serviceName": "opbeans-node",
    "transactionName": "GET /api/products/:id/customers",
    "transactionType": "request",
    "transactionsPerMinute": 0.03333333333333333,
  },
  Object {
    "averageResponseTime": 11161.5,
    "impact": 0.6129808919240927,
    "key": "GET /api/customers/:id",
    "p95": 16096,
    "serviceName": "opbeans-node",
    "transactionName": "GET /api/customers/:id",
    "transactionType": "request",
    "transactionsPerMinute": 0.06666666666666667,
  },
  Object {
    "averageResponseTime": 8115.166666666667,
    "impact": 0.6719690374213795,
    "key": "GET /api/types",
    "p95": 12336,
    "serviceName": "opbeans-node",
    "transactionName": "GET /api/types",
    "transactionType": "request",
    "transactionsPerMinute": 0.1,
  },
  Object {
    "averageResponseTime": 10863.6,
    "impact": 0.7540274539141442,
    "key": "GET /api/orders/:id",
    "p95": 20192,
    "serviceName": "opbeans-node",
    "transactionName": "GET /api/orders/:id",
    "transactionType": "request",
    "transactionsPerMinute": 0.08333333333333333,
  },
  Object {
    "averageResponseTime": 9906,
    "impact": 0.8286631346694258,
    "key": "GET /api/products/:id",
    "p95": 13280,
    "serviceName": "opbeans-node",
    "transactionName": "GET /api/products/:id",
    "transactionType": "request",
    "transactionsPerMinute": 0.1,
  },
  Object {
    "averageResponseTime": 8524.454545454546,
    "impact": 1.329340513991638,
    "key": "GET /api/products",
    "p95": 14256,
    "serviceName": "opbeans-node",
    "transactionName": "GET /api/products",
    "transactionType": "request",
    "transactionsPerMinute": 0.18333333333333332,
  },
  Object {
    "averageResponseTime": 12947,
    "impact": 1.472355777994578,
    "key": "GET /api/orders",
    "p95": 25584,
    "serviceName": "opbeans-node",
    "transactionName": "GET /api/orders",
    "transactionType": "request",
    "transactionsPerMinute": 0.13333333333333333,
  },
  Object {
    "averageResponseTime": 11307.75,
    "impact": 2.6003199505345393,
    "key": "GET /api/products/top",
    "p95": 16304,
    "serviceName": "opbeans-node",
    "transactionName": "GET /api/products/top",
    "transactionType": "request",
    "transactionsPerMinute": 0.26666666666666666,
  },
  Object {
    "averageResponseTime": 26755.666666666668,
    "impact": 4.644036801602961,
    "key": "GET /api/customers",
    "p95": 39104,
    "serviceName": "opbeans-node",
    "transactionName": "GET /api/customers",
    "transactionType": "request",
    "transactionsPerMinute": 0.2,
  },
  Object {
    "averageResponseTime": 17851.384615384617,
    "impact": 6.730394279972759,
    "key": "GET /api/stats",
    "p95": 24416,
    "serviceName": "opbeans-node",
    "transactionName": "GET /api/stats",
    "transactionType": "request",
    "transactionsPerMinute": 0.43333333333333335,
  },
  Object {
    "averageResponseTime": 61249.30357142857,
    "impact": 100,
    "key": "GET /api",
    "p95": 162784,
    "serviceName": "opbeans-node",
    "transactionName": "GET /api",
    "transactionType": "request",
    "transactionsPerMinute": 1.8666666666666667,
  },
]
`;
