// Jest Snapshot v1, https://goo.gl/fbAQLP

exports[`AgentMarker renders 1`] = `
<Fragment>
  <EuiToolTip
    content={
      <div>
        <ForwardRef(styled.div)>
          foo
        </ForwardRef(styled.div)>
        <ForwardRef(styled.div)>
          10,000 μs
        </ForwardRef(styled.div)>
      </div>
    }
    delay="regular"
    id="foo"
    position="top"
  >
    <Legend
      clickable={true}
      color="#98a2b3"
    />
  </EuiToolTip>
</Fragment>
`;
