// Jest Snapshot v1, https://goo.gl/fbAQLP

exports[`GroupByFilter renders 1`] = `
<EuiFlexItem
  grow={false}
>
  <EuiFilterGroup>
    <EuiFilterButton
      hasActiveFilters={true}
      key="message"
      onClick={[Function]}
    >
      By issue
    </EuiFilterButton>
    <EuiFilterButton
      hasActiveFilters={false}
      key="index"
      onClick={[Function]}
    >
      By index
    </EuiFilterButton>
  </EuiFilterGroup>
</EuiFlexItem>
`;
