[2018-03-30T13:14:54.160+0000][60457][gc] Using Concurrent Mark Sweep
[2018-03-30T13:14:54.161+0000][60457][gc,heap,coops] Heap address: 0x0000000780000000, size: 1024 MB, Compressed Oops mode: Zero based, Oop shift amount: 3
[2018-03-30T13:14:54.256+0000][60457][safepoint    ] Application time: 0.0015624 seconds
[2018-03-30T13:14:54.256+0000][60457][safepoint    ] Total time for which application threads were stopped: 0.0000539 seconds, Stopping threads took: 0.0000084 seconds
[2018-03-30T13:14:54.373+0000][60457][safepoint    ] Application time: 0.1169857 seconds
[2018-03-30T13:14:54.373+0000][60457][safepoint    ] Total time for which application threads were stopped: 0.0001117 seconds, Stopping threads took: 0.0000143 seconds
[2018-03-30T13:14:54.408+0000][60457][safepoint    ] Application time: 0.0353465 seconds
[2018-03-30T13:14:54.409+0000][60457][safepoint    ] Total time for which application threads were stopped: 0.0000710 seconds, Stopping threads took: 0.0000104 seconds
[2018-03-30T13:14:54.453+0000][60457][safepoint    ] Application time: 0.0445067 seconds
[2018-03-30T13:14:54.453+0000][60457][safepoint    ] Total time for which application threads were stopped: 0.0001121 seconds, Stopping threads took: 0.0000143 seconds
[2018-03-30T13:14:54.518+0000][60457][gc,heap,exit ] Heap
[2018-03-30T13:14:54.518+0000][60457][gc,heap,exit ]  par new generation   total 314560K, used 28143K [0x0000000780000000, 0x0000000795550000, 0x0000000795550000)
[2018-03-30T13:14:54.518+0000][60457][gc,heap,exit ]   eden space 279616K,  10% used [0x0000000780000000, 0x0000000781b7bd00, 0x0000000791110000)
[2018-03-30T13:14:54.518+0000][60457][gc,heap,exit ]   from space 34944K,   0% used [0x0000000791110000, 0x0000000791110000, 0x0000000793330000)
[2018-03-30T13:14:54.518+0000][60457][gc,heap,exit ]   to   space 34944K,   0% used [0x0000000793330000, 0x0000000793330000, 0x0000000795550000)
[2018-03-30T13:14:54.518+0000][60457][gc,heap,exit ]  concurrent mark-sweep generation total 699072K, used 0K [0x0000000795550000, 0x00000007c0000000, 0x00000007c0000000)
[2018-03-30T13:14:54.518+0000][60457][gc,heap,exit ]  Metaspace       used 8472K, capacity 8666K, committed 8832K, reserved 1056768K
[2018-03-30T13:14:54.518+0000][60457][gc,heap,exit ]   class space    used 802K, capacity 870K, committed 896K, reserved 1048576K
[2018-03-30T13:14:54.518+0000][60457][safepoint    ] Application time: 0.0651357 seconds
