[2018-03-30T13:14:55.565+0000][60475][gc] Using Concurrent Mark Sweep
[2018-03-30T13:14:55.565+0000][60475][gc,heap,coops] Heap address: 0x0000000780000000, size: 1024 MB, Compressed Oops mode: Zero based, Oop shift amount: 3
[2018-03-30T13:14:55.659+0000][60475][safepoint    ] Application time: 0.0018638 seconds
[2018-03-30T13:14:55.659+0000][60475][safepoint    ] Total time for which application threads were stopped: 0.0000647 seconds, Stopping threads took: 0.0000087 seconds
[2018-03-30T13:14:55.755+0000][60475][safepoint    ] Application time: 0.0960540 seconds
[2018-03-30T13:14:55.755+0000][60475][safepoint    ] Total time for which application threads were stopped: 0.0000965 seconds, Stopping threads took: 0.0000126 seconds
[2018-03-30T13:14:55.841+0000][60475][safepoint    ] Application time: 0.0856368 seconds
[2018-03-30T13:14:55.841+0000][60475][safepoint    ] Total time for which application threads were stopped: 0.0000790 seconds, Stopping threads took: 0.0000132 seconds
[2018-03-30T13:14:55.930+0000][60475][safepoint    ] Application time: 0.0890617 seconds
[2018-03-30T13:14:55.930+0000][60475][safepoint    ] Total time for which application threads were stopped: 0.0001060 seconds, Stopping threads took: 0.0000115 seconds
[2018-03-30T13:14:56.129+0000][60475][gc,heap,exit ] Heap
[2018-03-30T13:14:56.129+0000][60475][gc,heap,exit ]  par new generation   total 314560K, used 39329K [0x0000000780000000, 0x0000000795550000, 0x0000000795550000)
[2018-03-30T13:14:56.129+0000][60475][gc,heap,exit ]   eden space 279616K,  14% used [0x0000000780000000, 0x0000000782668400, 0x0000000791110000)
[2018-03-30T13:14:56.129+0000][60475][gc,heap,exit ]   from space 34944K,   0% used [0x0000000791110000, 0x0000000791110000, 0x0000000793330000)
[2018-03-30T13:14:56.129+0000][60475][gc,heap,exit ]   to   space 34944K,   0% used [0x0000000793330000, 0x0000000793330000, 0x0000000795550000)
[2018-03-30T13:14:56.129+0000][60475][gc,heap,exit ]  concurrent mark-sweep generation total 699072K, used 0K [0x0000000795550000, 0x00000007c0000000, 0x00000007c0000000)
[2018-03-30T13:14:56.129+0000][60475][gc,heap,exit ]  Metaspace       used 11770K, capacity 12198K, committed 12416K, reserved 1060864K
[2018-03-30T13:14:56.129+0000][60475][gc,heap,exit ]   class space    used 1162K, capacity 1288K, committed 1408K, reserved 1048576K
[2018-03-30T13:14:56.129+0000][60475][safepoint    ] Application time: 0.1992530 seconds
