// Jest Snapshot v1, https://goo.gl/fbAQLP

exports[`ConfirmDeleteModal renders as expected 1`] = `
<EuiOverlayMask>
  <EuiModal
    className="euiModal--confirmation"
    maxWidth={true}
    onClose={[MockFunction]}
  >
    <EuiModalHeader>
      <EuiModalHeaderTitle
        data-test-subj="confirmModalTitleText"
      >
        Delete space 
        'My Space'
      </EuiModalHeaderTitle>
    </EuiModalHeader>
    <EuiModalBody>
      <EuiText
        data-test-subj="confirmModalBodyText"
        grow={true}
      >
        <p>
          Deleting a space permanently removes the space and
           
          <strong>
            all of its contents
          </strong>
          . You can't undo this action.
        </p>
        <EuiFormRow
          describedByIds={Array []}
          error="Space names do not match."
          fullWidth={false}
          hasEmptyLabelSpace={false}
          isInvalid={false}
          label="Confirm space name"
        >
          <EuiFieldText
            compressed={false}
            disabled={false}
            fullWidth={false}
            isLoading={false}
            onChange={[Function]}
            value=""
          />
        </EuiFormRow>
        <EuiCallOut
          color="warning"
          size="m"
        >
          <EuiText
            grow={true}
          >
            You are about to delete your current space 
            <span>
              (
              <strong>
                My Space
              </strong>
              )
            </span>
            . You will be redirected to choose a different space if you continue.
          </EuiText>
        </EuiCallOut>
      </EuiText>
    </EuiModalBody>
    <EuiModalFooter>
      <EuiButtonEmpty
        color="primary"
        data-test-subj="confirmModalCancelButton"
        iconSide="left"
        isDisabled={false}
        onClick={[MockFunction]}
        type="button"
      >
        Cancel
      </EuiButtonEmpty>
      <EuiButton
        color="danger"
        data-test-subj="confirmModalConfirmButton"
        fill={true}
        iconSide="left"
        isLoading={false}
        onClick={[Function]}
        type="button"
      >
        Delete space and all contents
      </EuiButton>
    </EuiModalFooter>
  </EuiModal>
</EuiOverlayMask>
`;
